src/App/Application.c:156:9:AppInitialize	16	static
src/App/Application.c:188:9:AppRun	16	static
src/App/Application.c:200:9:AppSendEvent	24	static
src/App/Application.c:207:9:AppPollForButtonEvent	16	static
src/App/Application.c:229:9:AppDisplayDigitsOnSegments	8	static
src/App/Application.c:239:13:change_vector_table	16	static
src/App/Application.c:264:16:initializePeripherals	8	static
src/App/Application.c:285:16:initOnEntry	16	static
src/App/Application.c:292:16:onInit	32	static
src/App/Application.c:310:16:onPreOperational	16	static
src/App/Application.c:316:16:onOperational	16	static
src/App/Application.c:326:16:onEmergency	16	static
src/App/Application.c:332:16:displayDashOnEntry	16	static
src/App/Application.c:340:16:preOperationOnEntry	16	static
src/App/Application.c:348:16:testModeOnEntry	16	static
src/App/Application.c:356:16:operationOnEntry	16	static
src/App/Application.c:362:16:failureOnEntry	16	static
src/App/Application.c:370:13:PreOpGuard	16	static
src/App/Application.c:378:13:OpGuard	16	static
src/App/Application.c:387:13:EmergencyGuard	16	static
src/App/Application.c:395:13:TestModeGuard	16	static
src/App/Application.c:403:13:FailureGuard	16	static
