Archive member included to satisfy reference by file (symbol)

/home/kali/Tools/arm-gnu-toolchain/bin/../lib/gcc/arm-none-eabi/14.3.1/../../../../arm-none-eabi/lib/thumb/v7e-m/nofp/libc_nano.a(libc_a-memset.o)
                              obj/System.o (memset)
/home/kali/Tools/arm-gnu-toolchain/bin/../lib/gcc/arm-none-eabi/14.3.1/../../../../arm-none-eabi/lib/thumb/v7e-m/nofp/libc_nano.a(libc_a-strlen.o)
                              obj/LogOutput.o (strlen)
/home/kali/Tools/arm-gnu-toolchain/bin/../lib/gcc/arm-none-eabi/14.3.1/thumb/v7e-m/nofp/libgcc.a(_arm_muldf3.o)
                              obj/printf.o (__aeabi_dmul)
/home/kali/Tools/arm-gnu-toolchain/bin/../lib/gcc/arm-none-eabi/14.3.1/thumb/v7e-m/nofp/libgcc.a(_arm_addsubdf3.o)
                              obj/printf.o (__aeabi_dsub)
/home/kali/Tools/arm-gnu-toolchain/bin/../lib/gcc/arm-none-eabi/14.3.1/thumb/v7e-m/nofp/libgcc.a(_arm_muldivdf3.o)
                              obj/printf.o (__aeabi_ddiv)
/home/kali/Tools/arm-gnu-toolchain/bin/../lib/gcc/arm-none-eabi/14.3.1/thumb/v7e-m/nofp/libgcc.a(_arm_cmpdf2.o)
                              obj/printf.o (__aeabi_dcmpeq)
/home/kali/Tools/arm-gnu-toolchain/bin/../lib/gcc/arm-none-eabi/14.3.1/thumb/v7e-m/nofp/libgcc.a(_arm_fixdfsi.o)
                              obj/printf.o (__aeabi_d2iz)
/home/kali/Tools/arm-gnu-toolchain/bin/../lib/gcc/arm-none-eabi/14.3.1/thumb/v7e-m/nofp/libgcc.a(_arm_fixunsdfsi.o)
                              obj/printf.o (__aeabi_d2uiz)
/home/kali/Tools/arm-gnu-toolchain/bin/../lib/gcc/arm-none-eabi/14.3.1/thumb/v7e-m/nofp/libgcc.a(_aeabi_uldivmod.o)
                              obj/printf.o (__aeabi_uldivmod)
/home/kali/Tools/arm-gnu-toolchain/bin/../lib/gcc/arm-none-eabi/14.3.1/thumb/v7e-m/nofp/libgcc.a(_udivmoddi4.o)
                              /home/kali/Tools/arm-gnu-toolchain/bin/../lib/gcc/arm-none-eabi/14.3.1/thumb/v7e-m/nofp/libgcc.a(_aeabi_uldivmod.o) (__udivmoddi4)
/home/kali/Tools/arm-gnu-toolchain/bin/../lib/gcc/arm-none-eabi/14.3.1/thumb/v7e-m/nofp/libgcc.a(_dvmd_tls.o)
                              /home/kali/Tools/arm-gnu-toolchain/bin/../lib/gcc/arm-none-eabi/14.3.1/thumb/v7e-m/nofp/libgcc.a(_aeabi_uldivmod.o) (__aeabi_ldiv0)
obj/libstm32.a(stm32g4xx_hal_adc.o)
                              obj/ADCModule.o (HAL_ADC_Init)
obj/libstm32.a(stm32g4xx_hal_adc_ex.o)
                              obj/ADCModule.o (HAL_ADCEx_Calibration_Start)
obj/libstm32.a(stm32g4xx_hal.o)
                              obj/main_app.o (HAL_Init)
obj/libstm32.a(stm32g4xx_hal_cortex.o)
                              obj/libstm32.a(stm32g4xx_hal.o) (HAL_NVIC_SetPriorityGrouping)
obj/libstm32.a(stm32g4xx_hal_dma.o)
                              obj/ADCModule.o (HAL_DMA_Init)
obj/libstm32.a(stm32g4xx_hal_gpio.o)
                              obj/ADCModule.o (HAL_GPIO_Init)
obj/libstm32.a(stm32g4xx_hal_pwr_ex.o)
                              obj/System.o (HAL_PWREx_ControlVoltageScaling)
obj/libstm32.a(stm32g4xx_hal_rcc.o)
                              obj/System.o (HAL_RCC_OscConfig)
obj/libstm32.a(stm32g4xx_hal_rcc_ex.o)
                              obj/ADCModule.o (HAL_RCCEx_PeriphCLKConfig)
obj/libstm32.a(stm32g4xx_hal_tim.o)
                              obj/TimerModule.o (HAL_TIM_Base_Init)
obj/libstm32.a(stm32g4xx_hal_tim_ex.o)
                              obj/libstm32.a(stm32g4xx_hal_tim.o) (TIMEx_DMACommutationCplt)
obj/libstm32.a(stm32g4xx_hal_uart.o)
                              obj/UARTModule.o (HAL_UART_Init)
obj/libstm32.a(stm32g4xx_hal_uart_ex.o)
                              obj/libstm32.a(stm32g4xx_hal_uart.o) (HAL_UARTEx_WakeupCallback)
obj/libstm32.a(stm32g4xx_hal_pwr.o)
                              obj/libstm32.a(stm32g4xx_hal_rcc_ex.o) (HAL_PWR_EnableBkUpAccess)

Discarded input sections

 .text          0x00000000        0x0 obj/vectors_app.o
 .data          0x00000000        0x0 obj/vectors_app.o
 .bss           0x00000000        0x0 obj/vectors_app.o
 .data          0x00000000        0x0 obj/startup_app.o
 .bss           0x00000000        0x0 obj/startup_app.o
 .text          0x00000000        0x0 obj/main_app.o
 .data          0x00000000        0x0 obj/main_app.o
 .bss           0x00000000        0x0 obj/main_app.o
 .text          0x00000000        0x0 obj/System.o
 .data          0x00000000        0x0 obj/System.o
 .bss           0x00000000        0x0 obj/System.o
 .text.SystemCoreClockUpdate
                0x00000000       0xd4 obj/System.o
 .text          0x00000000        0x0 obj/Application.o
 .data          0x00000000        0x0 obj/Application.o
 .bss           0x00000000        0x0 obj/Application.o
 .debug_info    0x00000000       0x6c obj/Application.o
 .debug_abbrev  0x00000000       0x26 obj/Application.o
 .debug_aranges
                0x00000000       0x18 obj/Application.o
 .debug_line    0x00000000       0x36 obj/Application.o
 .debug_str     0x00000000      0x149 obj/Application.o
 .comment       0x00000000       0x47 obj/Application.o
[...]
Memory Configuration

Name             Origin             Length             Attributes
RAM              0x20004000         0x00010000         rw
FLASH            0x08010000         0x00020000         xr
*default*        0x00000000         0xffffffff

Linker script and memory map

LOAD obj/libstm32.a
LOAD obj/vectors_app.o
LOAD obj/startup_app.o
LOAD obj/main_app.o
LOAD obj/System.o
LOAD obj/Application.o
LOAD obj/AppTasks.o
LOAD obj/ADCModule.o
LOAD obj/ButtonModule.o
LOAD obj/DisplayModule.o
LOAD obj/GasMonitor.o
LOAD obj/HAL.o
LOAD obj/LEDModule.o
LOAD obj/TimerModule.o
LOAD obj/UARTModule.o
LOAD obj/FaultHandler.o
LOAD obj/Scheduler.o
LOAD obj/StateMachine.o
LOAD obj/SystemHandler.o
LOAD obj/GlobalObjects.o
LOAD obj/StackMonitor.o
LOAD obj/LogOutput.o
LOAD obj/printf.o
LOAD obj/Filter.o
LOAD obj/StateTable.o
START GROUP
LOAD /home/kali/Tools/arm-gnu-toolchain/bin/../lib/gcc/arm-none-eabi/14.3.1/../../../../arm-none-eabi/lib/thumb/v7e-m/nofp/libc_nano.a
LOAD /home/kali/Tools/arm-gnu-toolchain/bin/../lib/gcc/arm-none-eabi/14.3.1/thumb/v7e-m/nofp/libgcc.a
LOAD /home/kali/Tools/arm-gnu-toolchain/bin/../lib/gcc/arm-none-eabi/14.3.1/../../../../arm-none-eabi/lib/thumb/v7e-m/nofp/libm.a
LOAD /home/kali/Tools/arm-gnu-toolchain/bin/../lib/gcc/arm-none-eabi/14.3.1/../../../../arm-none-eabi/lib/thumb/v7e-m/nofp/libnosys.a
LOAD obj/libstm32.a
END GROUP
                0x00000000                        _size_of_heap = 0x0
                0x00001000                        _size_of_stack = 0x1000
                0x20004000                        _ram_start = ORIGIN (RAM)
                0x20014000                        _ram_end = (ORIGIN (RAM) + LENGTH (RAM))
                0x20014000                        _estack = _ram_end
                0x20014000                        _initial_stack_pointer = _estack

.signature      0x08010000        0x4
                0x08010000                        _signature_adress = .
                0x08010000        0x1 BYTE 0x55
                0x08010001        0x1 BYTE 0x4d
                0x08010002        0x1 BYTE 0x4d
                0x08010003        0x1 BYTE 0x53

.isr_vector     0x08010200      0x1d8
                0x08010200                        . = ALIGN (0x4)
 *(.isr_vector)
 .isr_vector    0x08010200      0x1d8 obj/vectors_app.o
                0x08010200                g_pfnVectors
                0x080103d8                        . = ALIGN (0x4)

.text           0x080103e0     0x5f3c
                0x080103e0                        . = ALIGN (0x4)
                0x080103e0                        _stext = .
 *(.text.Start_Handler)
 .text.Start_Handler
                0x080103e0       0x78 obj/startup_app.o
                0x080103e0                Start_Handler
 *(.text.*Start_Handler*)
 *(.text)
 *fill*         0x08010458        0x8 
 .text          0x08010460        0x8 obj/startup_app.o
 .text          0x08010468       0x30 /home/kali/Tools/arm-gnu-toolchain/bin/../lib/gcc/arm-none-eabi/14.3.1/thumb/v7e-m/nofp/libgcc.a(_aeabi_uldivmod.o)
                0x08010468                __aeabi_uldivmod
 .text          0x08010498        0x4 /home/kali/Tools/arm-gnu-toolchain/bin/../lib/gcc/arm-none-eabi/14.3.1/thumb/v7e-m/nofp/libgcc.a(_dvmd_tls.o)
                0x08010498                __aeabi_ldiv0
                0x08010498                __aeabi_idiv0
 *(.text*)
 .text.Default_Handler
                0x0801049c        0x2 obj/vectors_app.o
                0x0801049c                RTC_Alarm_IRQHandler
                0x0801049c                EXTI2_IRQHandler
                0x0801049c                TIM8_TRG_COM_IRQHandler
                0x0801049c                TIM8_CC_IRQHandler
                0x0801049c                HRTIM1_Master_IRQHandler
                0x0801049c                SPI4_IRQHandler
                0x0801049c                FDCAN3_IT0_IRQHandler
                0x0801049c                TIM1_CC_IRQHandler
                0x0801049c                HRTIM1_FLT_IRQHandler
                0x0801049c                HRTIM1_TIMF_IRQHandler
                0x0801049c                USB_HP_IRQHandler
                0x0801049c                CORDIC_IRQHandler
                0x0801049c                HRTIM1_TIMD_IRQHandler
                0x0801049c                DMA2_Channel8_IRQHandler
                0x0801049c                EXTI3_IRQHandler
                0x0801049c                I2C3_ER_IRQHandler
                0x0801049c                EXTI0_IRQHandler
                0x0801049c                I2C2_EV_IRQHandler
                0x0801049c                FPU_IRQHandler
                0x0801049c                FDCAN1_IT1_IRQHandler
                0x0801049c                TIM1_UP_TIM16_IRQHandler
                0x0801049c                HRTIM1_TIME_IRQHandler
                0x0801049c                SPI1_IRQHandler
                0x0801049c                TIM6_DAC_IRQHandler
                0x0801049c                HRTIM1_TIMC_IRQHandler
                0x0801049c                TIM8_UP_IRQHandler
                0x0801049c                DMA2_Channel2_IRQHandler
                0x0801049c                DMA1_Channel4_IRQHandler
                0x0801049c                TIM20_TRG_COM_IRQHandler
                0x0801049c                USART3_IRQHandler
                0x0801049c                DMA1_Channel7_IRQHandler
                0x0801049c                UART5_IRQHandler
                0x0801049c                ADC3_IRQHandler
                0x0801049c                TIM4_IRQHandler
                0x0801049c                DMA2_Channel1_IRQHandler
                0x0801049c                QUADSPI_IRQHandler
                0x0801049c                I2C1_EV_IRQHandler
                0x0801049c                DMA1_Channel6_IRQHandler
                0x0801049c                UART4_IRQHandler
                0x0801049c                DMA2_Channel4_IRQHandler
                0x0801049c                RCC_IRQHandler
                0x0801049c                TIM20_UP_IRQHandler
                0x0801049c                Default_Handler
                0x0801049c                DMA2_Channel7_IRQHandler
                0x0801049c                RTC_TAMP_LSECSS_IRQHandler
                0x0801049c                FMAC_IRQHandler
                0x0801049c                EXTI15_10_IRQHandler
                0x0801049c                DMA1_Channel8_IRQHandler
                0x0801049c                HRTIM1_TIMA_IRQHandler
                0x0801049c                TIM7_DAC_IRQHandler
                0x0801049c                FDCAN3_IT1_IRQHandler
                0x0801049c                TIM5_IRQHandler
                0x0801049c                UCPD1_IRQHandler
                0x0801049c                I2C3_EV_IRQHandler
                0x0801049c                EXTI9_5_IRQHandler
                0x0801049c                RTC_WKUP_IRQHandler
                0x0801049c                PVD_PVM_IRQHandler
                0x0801049c                SPI2_IRQHandler
                0x0801049c                ADC5_IRQHandler
                0x0801049c                DMA2_Channel5_IRQHandler
                0x0801049c                CRS_IRQHandler
                0x0801049c                DMA1_Channel5_IRQHandler
                0x0801049c                USB_LP_IRQHandler
                0x0801049c                EXTI4_IRQHandler
                0x0801049c                RNG_IRQHandler
                0x0801049c                HRTIM1_TIMB_IRQHandler
                0x0801049c                TIM1_TRG_COM_TIM17_IRQHandler
                0x0801049c                FDCAN2_IT1_IRQHandler
                0x0801049c                DMA1_Channel3_IRQHandler
                0x0801049c                ADC4_IRQHandler
                0x0801049c                WWDG_IRQHandler
                0x0801049c                I2C4_EV_IRQHandler
                0x0801049c                FDCAN2_IT0_IRQHandler
                0x0801049c                LPUART1_IRQHandler
                0x0801049c                DMA2_Channel6_IRQHandler
                0x0801049c                FDCAN1_IT0_IRQHandler
                0x0801049c                TIM2_IRQHandler
                0x0801049c                COMP7_IRQHandler
                0x0801049c                COMP1_2_3_IRQHandler
                0x0801049c                EXTI1_IRQHandler
                0x0801049c                USART2_IRQHandler
                0x0801049c                COMP4_5_6_IRQHandler
                0x0801049c                TIM20_BRK_IRQHandler
                0x0801049c                I2C2_ER_IRQHandler
                0x0801049c                DMA1_Channel2_IRQHandler
                0x0801049c                TIM8_BRK_IRQHandler
                0x0801049c                FLASH_IRQHandler
                0x0801049c                TIM20_CC_IRQHandler
                0x0801049c                USART1_IRQHandler
                0x0801049c                SPI3_IRQHandler
                0x0801049c                I2C1_ER_IRQHandler
                0x0801049c                FMC_IRQHandler
                0x0801049c                LPTIM1_IRQHandler
                0x0801049c                DMAMUX_OVR_IRQHandler
                0x0801049c                I2C4_ER_IRQHandler
                0x0801049c                USBWakeUp_IRQHandler
                0x0801049c                SAI1_IRQHandler
                0x0801049c                DMA2_Channel3_IRQHandler
                0x0801049c                TIM1_BRK_TIM15_IRQHandler
 *fill*         0x0801049e        0x2 
 .text.main     0x080104a0       0x3c obj/main_app.o
                0x080104a0                main
 .text.initializePeripherals
                0x080104dc       0x26 obj/main_app.o
 *fill*         0x08010502        0x2 
 .text.change_vector_table
                0x08010504       0x50 obj/main_app.o
 .text.SystemInit
                0x08010554        0xc obj/System.o
                0x08010554                SystemInit
 .text.SystemClock_Config
                0x08010560       0x98 obj/System.o
                0x08010560                SystemClock_Config
 .text.Error_Handler
                0x080105f8        0xc obj/System.o
                0x080105f8                Error_Handler
 .text.adcInitialize
                0x08010604      0x19c obj/ADCModule.o
                0x08010604                adcInitialize
 .text.HAL_ADC_MspInit
                0x080107a0      0x114 obj/ADCModule.o
                0x080107a0                HAL_ADC_MspInit
 .text.adcInitializeDMA
                0x080108b4       0x54 obj/ADCModule.o
 .text.DMA1_Channel1_IRQHandler
                0x08010908       0x14 obj/ADCModule.o
                0x08010908                DMA1_Channel1_IRQHandler
 .text.ADC1_2_IRQHandler
                0x0801091c       0x14 obj/ADCModule.o
                0x0801091c                ADC1_2_IRQHandler
 .text.buttonInitialize
                0x08010930       0xdc obj/ButtonModule.o
                0x08010930                buttonInitialize
 .text.displayInitialize
                0x08010a0c      0x108 obj/DisplayModule.o
                0x08010a0c                displayInitialize
 .text.HAL_MspInit
                0x08010b14       0x48 obj/HAL.o
                0x08010b14                HAL_MspInit
 .text.ledInitialize
                0x08010b5c      0x138 obj/LEDModule.o
                0x08010b5c                ledInitialize
 .text.ledSetLED
                0x08010c94       0x90 obj/LEDModule.o
                0x08010c94                ledSetLED
 .text.timerInitialize
                0x08010d24       0xac obj/TimerModule.o
                0x08010d24                timerInitialize
 .text.HAL_TIM_Base_MspInit
                0x08010dd0       0x4c obj/TimerModule.o
                0x08010dd0                HAL_TIM_Base_MspInit
 .text.TIM3_IRQHandler
                0x08010e1c       0x14 obj/TimerModule.o
                0x08010e1c                TIM3_IRQHandler
 .text.uartInitialize
                0x08010e30      0x130 obj/UARTModule.o
                0x08010e30                uartInitialize
 .text.HardFault_Handler
                0x08010f60        0x8 obj/FaultHandler.o
                0x08010f60                HardFault_Handler
 .text.MemManage_Handler
                0x08010f68        0x8 obj/FaultHandler.o
                0x08010f68                MemManage_Handler
 .text.BusFault_Handler
                0x08010f70        0x8 obj/FaultHandler.o
                0x08010f70                BusFault_Handler
 .text.UsageFault_Handler
                0x08010f78        0x8 obj/FaultHandler.o
                0x08010f78                UsageFault_Handler
 .text.schedInitialize
                0x08010f80       0x14 obj/Scheduler.o
                0x08010f80                schedInitialize
 .text.NMI_Handler
                0x08010f94        0xc obj/SystemHandler.o
                0x08010f94                NMI_Handler
 .text.SVC_Handler
                0x08010fa0        0xc obj/SystemHandler.o
                0x08010fa0                SVC_Handler
 .text.PendSV_Handler
                0x08010fac        0xc obj/SystemHandler.o
                0x08010fac                PendSV_Handler
 .text.SysTick_Handler
                0x08010fb8        0xc obj/SystemHandler.o
                0x08010fb8                SysTick_Handler
 .text.DebugMon_Handler
                0x08010fc4        0xc obj/SystemHandler.o
                0x08010fc4                DebugMon_Handler
 .text.memset   0x08010fd0       0x10 /home/kali/Tools/arm-gnu-toolchain/bin/../lib/gcc/arm-none-eabi/14.3.1/../../../../arm-none-eabi/lib/thumb/v7e-m/nofp/libc_nano.a(libc_a-memset.o)
                0x08010fd0                memset
 .text.__udivmoddi4
                0x08010fe0      0x2f8 /home/kali/Tools/arm-gnu-toolchain/bin/../lib/gcc/arm-none-eabi/14.3.1/thumb/v7e-m/nofp/libgcc.a(_udivmoddi4.o)
                0x08010fe0                __udivmoddi4
 .text.LL_ADC_SetCommonClock
                0x080112d8       0x24 obj/libstm32.a(stm32g4xx_hal_adc.o)
 .text.LL_ADC_SetCommonPathInternalCh
                0x080112fc       0x24 obj/libstm32.a(stm32g4xx_hal_adc.o)
 .text.LL_ADC_GetCommonPathInternalCh
                0x08011320       0x1a obj/libstm32.a(stm32g4xx_hal_adc.o)
 *fill*         0x0801133a        0x2 
 .text.LL_ADC_SetOffset
                0x0801133c       0x48 obj/libstm32.a(stm32g4xx_hal_adc.o)
 .text.LL_ADC_GetOffsetChannel
                0x08011384       0x2a obj/libstm32.a(stm32g4xx_hal_adc.o)
 .text.LL_ADC_SetOffsetState
                0x080113ae       0x34 obj/libstm32.a(stm32g4xx_hal_adc.o)
 .text.LL_ADC_SetOffsetSign
                0x080113e2       0x34 obj/libstm32.a(stm32g4xx_hal_adc.o)
 .text.LL_ADC_SetOffsetSaturation
                0x08011416       0x34 obj/libstm32.a(stm32g4xx_hal_adc.o)
 .text.LL_ADC_SetSamplingTimeCommonConfig
                0x0801144a       0x24 obj/libstm32.a(stm32g4xx_hal_adc.o)
 .text.LL_ADC_REG_IsTriggerSourceSWStart
                0x0801146e       0x24 obj/libstm32.a(stm32g4xx_hal_adc.o)
 .text.LL_ADC_REG_SetSequencerRanks
                0x08011492       0x56 obj/libstm32.a(stm32g4xx_hal_adc.o)
 .text.LL_ADC_INJ_IsTriggerSourceSWStart
                0x080114e8       0x24 obj/libstm32.a(stm32g4xx_hal_adc.o)
 .text.LL_ADC_SetChannelSamplingTime
                0x0801150c       0x54 obj/libstm32.a(stm32g4xx_hal_adc.o)
 .text.LL_ADC_SetChannelSingleDiff
                0x08011560       0x44 obj/libstm32.a(stm32g4xx_hal_adc.o)
 .text.LL_ADC_GetMultimode
                0x080115a4       0x1a obj/libstm32.a(stm32g4xx_hal_adc.o)
 .text.LL_ADC_GetMultiDMATransfer
                0x080115be       0x1a obj/libstm32.a(stm32g4xx_hal_adc.o)
 .text.LL_ADC_DisableDeepPowerDown
                0x080115d8       0x22 obj/libstm32.a(stm32g4xx_hal_adc.o)
 .text.LL_ADC_IsDeepPowerDownEnabled
                0x080115fa       0x26 obj/libstm32.a(stm32g4xx_hal_adc.o)
 .text.LL_ADC_EnableInternalRegulator
                0x08011620       0x26 obj/libstm32.a(stm32g4xx_hal_adc.o)
 .text.LL_ADC_IsInternalRegulatorEnabled
                0x08011646       0x26 obj/libstm32.a(stm32g4xx_hal_adc.o)
 .text.LL_ADC_Enable
                0x0801166c       0x26 obj/libstm32.a(stm32g4xx_hal_adc.o)
 .text.LL_ADC_Disable
                0x08011692       0x26 obj/libstm32.a(stm32g4xx_hal_adc.o)
 .text.LL_ADC_IsEnabled
                0x080116b8       0x24 obj/libstm32.a(stm32g4xx_hal_adc.o)
 .text.LL_ADC_IsDisableOngoing
                0x080116dc       0x24 obj/libstm32.a(stm32g4xx_hal_adc.o)
 .text.LL_ADC_REG_StartConversion
                0x08011700       0x26 obj/libstm32.a(stm32g4xx_hal_adc.o)
 .text.LL_ADC_REG_IsConversionOngoing
                0x08011726       0x24 obj/libstm32.a(stm32g4xx_hal_adc.o)
 .text.LL_ADC_INJ_IsConversionOngoing
                0x0801174a       0x24 obj/libstm32.a(stm32g4xx_hal_adc.o)
 *fill*         0x0801176e        0x2 
 .text.HAL_ADC_Init
                0x08011770      0x384 obj/libstm32.a(stm32g4xx_hal_adc.o)
                0x08011770                HAL_ADC_Init
 .text.HAL_ADC_Start_DMA
                0x08011af4      0x19c obj/libstm32.a(stm32g4xx_hal_adc.o)
                0x08011af4                HAL_ADC_Start_DMA
 .text.HAL_ADC_IRQHandler
                0x08011c90      0x4c0 obj/libstm32.a(stm32g4xx_hal_adc.o)
                0x08011c90                HAL_ADC_IRQHandler
 .text.HAL_ADC_ConvCpltCallback
                0x08012150       0x12 obj/libstm32.a(stm32g4xx_hal_adc.o)
                0x08012150                HAL_ADC_ConvCpltCallback
 .text.HAL_ADC_ConvHalfCpltCallback
                0x08012162       0x12 obj/libstm32.a(stm32g4xx_hal_adc.o)
                0x08012162                HAL_ADC_ConvHalfCpltCallback
 .text.HAL_ADC_LevelOutOfWindowCallback
                0x08012174       0x12 obj/libstm32.a(stm32g4xx_hal_adc.o)
                0x08012174                HAL_ADC_LevelOutOfWindowCallback
 .text.HAL_ADC_ErrorCallback
                0x08012186       0x12 obj/libstm32.a(stm32g4xx_hal_adc.o)
                0x08012186                HAL_ADC_ErrorCallback
 .text.HAL_ADC_ConfigChannel
                0x08012198      0x880 obj/libstm32.a(stm32g4xx_hal_adc.o)
                0x08012198                HAL_ADC_ConfigChannel
 .text.ADC_Enable
                0x08012a18       0xc4 obj/libstm32.a(stm32g4xx_hal_adc.o)
                0x08012a18                ADC_Enable
 .text.ADC_Disable
                0x08012adc       0xbe obj/libstm32.a(stm32g4xx_hal_adc.o)
                0x08012adc                ADC_Disable
 .text.ADC_DMAConvCplt
                0x08012b9a       0xd8 obj/libstm32.a(stm32g4xx_hal_adc.o)
                0x08012b9a                ADC_DMAConvCplt
 .text.ADC_DMAHalfConvCplt
                0x08012c72       0x1c obj/libstm32.a(stm32g4xx_hal_adc.o)
                0x08012c72                ADC_DMAHalfConvCplt
 .text.ADC_DMAError
                0x08012c8e       0x34 obj/libstm32.a(stm32g4xx_hal_adc.o)
                0x08012c8e                ADC_DMAError
 .text.LL_ADC_IsEnabled
                0x08012cc2       0x24 obj/libstm32.a(stm32g4xx_hal_adc_ex.o)
 .text.LL_ADC_StartCalibration
                0x08012ce6       0x30 obj/libstm32.a(stm32g4xx_hal_adc_ex.o)
 .text.LL_ADC_IsCalibrationOnGoing
                0x08012d16       0x26 obj/libstm32.a(stm32g4xx_hal_adc_ex.o)
 .text.LL_ADC_REG_IsConversionOngoing
                0x08012d3c       0x24 obj/libstm32.a(stm32g4xx_hal_adc_ex.o)
 .text.HAL_ADCEx_Calibration_Start
                0x08012d60       0xc4 obj/libstm32.a(stm32g4xx_hal_adc_ex.o)
                0x08012d60                HAL_ADCEx_Calibration_Start
 .text.HAL_ADCEx_InjectedConvCpltCallback
                0x08012e24       0x12 obj/libstm32.a(stm32g4xx_hal_adc_ex.o)
                0x08012e24                HAL_ADCEx_InjectedConvCpltCallback
 .text.HAL_ADCEx_InjectedQueueOverflowCallback
                0x08012e36       0x12 obj/libstm32.a(stm32g4xx_hal_adc_ex.o)
                0x08012e36                HAL_ADCEx_InjectedQueueOverflowCallback
 .text.HAL_ADCEx_LevelOutOfWindow2Callback
                0x08012e48       0x12 obj/libstm32.a(stm32g4xx_hal_adc_ex.o)
                0x08012e48                HAL_ADCEx_LevelOutOfWindow2Callback
 .text.HAL_ADCEx_LevelOutOfWindow3Callback
                0x08012e5a       0x12 obj/libstm32.a(stm32g4xx_hal_adc_ex.o)
                0x08012e5a                HAL_ADCEx_LevelOutOfWindow3Callback
 .text.HAL_ADCEx_EndOfSamplingCallback
                0x08012e6c       0x12 obj/libstm32.a(stm32g4xx_hal_adc_ex.o)
                0x08012e6c                HAL_ADCEx_EndOfSamplingCallback
 *fill*         0x08012e7e        0x2 
 .text.HAL_ADCEx_MultiModeConfigChannel
                0x08012e80      0x210 obj/libstm32.a(stm32g4xx_hal_adc_ex.o)
                0x08012e80                HAL_ADCEx_MultiModeConfigChannel
 .text.HAL_Init
                0x08013090       0x30 obj/libstm32.a(stm32g4xx_hal.o)
                0x08013090                HAL_Init
 .text.HAL_DeInit
                0x080130c0       0x58 obj/libstm32.a(stm32g4xx_hal.o)
                0x080130c0                HAL_DeInit
 .text.HAL_MspDeInit
                0x08013118        0xc obj/libstm32.a(stm32g4xx_hal.o)
                0x08013118                HAL_MspDeInit
 .text.HAL_InitTick
                0x08013124       0x74 obj/libstm32.a(stm32g4xx_hal.o)
                0x08013124                HAL_InitTick
 .text.HAL_IncTick
                0x08013198       0x24 obj/libstm32.a(stm32g4xx_hal.o)
                0x08013198                HAL_IncTick
 .text.HAL_GetTick
                0x080131bc       0x14 obj/libstm32.a(stm32g4xx_hal.o)
                0x080131bc                HAL_GetTick
 .text.__NVIC_SetPriorityGrouping
                0x080131d0       0x48 obj/libstm32.a(stm32g4xx_hal_cortex.o)
 .text.__NVIC_GetPriorityGrouping
                0x08013218       0x1c obj/libstm32.a(stm32g4xx_hal_cortex.o)
 .text.__NVIC_EnableIRQ
                0x08013234       0x38 obj/libstm32.a(stm32g4xx_hal_cortex.o)
 .text.__NVIC_SetPriority
                0x0801326c       0x54 obj/libstm32.a(stm32g4xx_hal_cortex.o)
 .text.NVIC_EncodePriority
                0x080132c0       0x64 obj/libstm32.a(stm32g4xx_hal_cortex.o)
 .text.SysTick_Config
                0x08013324       0x44 obj/libstm32.a(stm32g4xx_hal_cortex.o)
 .text.HAL_NVIC_SetPriorityGrouping
                0x08013368       0x16 obj/libstm32.a(stm32g4xx_hal_cortex.o)
                0x08013368                HAL_NVIC_SetPriorityGrouping
 .text.HAL_NVIC_SetPriority
                0x0801337e       0x34 obj/libstm32.a(stm32g4xx_hal_cortex.o)
                0x0801337e                HAL_NVIC_SetPriority
 .text.HAL_NVIC_EnableIRQ
                0x080133b2       0x1c obj/libstm32.a(stm32g4xx_hal_cortex.o)
                0x080133b2                HAL_NVIC_EnableIRQ
 .text.HAL_SYSTICK_Config
                0x080133ce       0x18 obj/libstm32.a(stm32g4xx_hal_cortex.o)
                0x080133ce                HAL_SYSTICK_Config
 *fill*         0x080133e6        0x2 
 .text.HAL_DMA_Init
                0x080133e8      0x150 obj/libstm32.a(stm32g4xx_hal_dma.o)
                0x080133e8                HAL_DMA_Init
 .text.HAL_DMA_Start_IT
                0x08013538       0xf6 obj/libstm32.a(stm32g4xx_hal_dma.o)
                0x08013538                HAL_DMA_Start_IT
 .text.HAL_DMA_IRQHandler
                0x0801362e      0x15e obj/libstm32.a(stm32g4xx_hal_dma.o)
                0x0801362e                HAL_DMA_IRQHandler
 .text.DMA_SetConfig
                0x0801378c       0x7a obj/libstm32.a(stm32g4xx_hal_dma.o)
 *fill*         0x08013806        0x2 
 .text.DMA_CalcDMAMUXChannelBaseAndMask
                0x08013808       0x78 obj/libstm32.a(stm32g4xx_hal_dma.o)
 .text.DMA_CalcDMAMUXRequestGenBaseAndMask
                0x08013880       0x48 obj/libstm32.a(stm32g4xx_hal_dma.o)
 .text.HAL_GPIO_Init
                0x080138c8      0x304 obj/libstm32.a(stm32g4xx_hal_gpio.o)
                0x080138c8                HAL_GPIO_Init
 .text.HAL_GPIO_WritePin
                0x08013bcc       0x2e obj/libstm32.a(stm32g4xx_hal_gpio.o)
                0x08013bcc                HAL_GPIO_WritePin
 *fill*         0x08013bfa        0x2 
 .text.HAL_PWREx_ControlVoltageScaling
                0x08013bfc      0x148 obj/libstm32.a(stm32g4xx_hal_pwr_ex.o)
                0x08013bfc                HAL_PWREx_ControlVoltageScaling
 .text.HAL_PWREx_DisableUCPDDeadBattery
                0x08013d44       0x1c obj/libstm32.a(stm32g4xx_hal_pwr_ex.o)
                0x08013d44                HAL_PWREx_DisableUCPDDeadBattery
 .text.HAL_RCC_OscConfig
                0x08013d60      0x630 obj/libstm32.a(stm32g4xx_hal_rcc.o)
                0x08013d60                HAL_RCC_OscConfig
 .text.HAL_RCC_ClockConfig
                0x08014390      0x278 obj/libstm32.a(stm32g4xx_hal_rcc.o)
                0x08014390                HAL_RCC_ClockConfig
 .text.HAL_RCC_GetSysClockFreq
                0x08014608       0xc0 obj/libstm32.a(stm32g4xx_hal_rcc.o)
                0x08014608                HAL_RCC_GetSysClockFreq
 .text.HAL_RCC_GetHCLKFreq
                0x080146c8       0x14 obj/libstm32.a(stm32g4xx_hal_rcc.o)
                0x080146c8                HAL_RCC_GetHCLKFreq
 .text.HAL_RCC_GetPCLK1Freq
                0x080146dc       0x2c obj/libstm32.a(stm32g4xx_hal_rcc.o)
                0x080146dc                HAL_RCC_GetPCLK1Freq
 .text.HAL_RCC_GetPCLK2Freq
                0x08014708       0x2c obj/libstm32.a(stm32g4xx_hal_rcc.o)
                0x08014708                HAL_RCC_GetPCLK2Freq
 .text.RCC_GetSysClockFreqFromPLLSource
                0x08014734       0x8c obj/libstm32.a(stm32g4xx_hal_rcc.o)
 .text.HAL_RCCEx_PeriphCLKConfig
                0x080147c0      0x49c obj/libstm32.a(stm32g4xx_hal_rcc_ex.o)
                0x080147c0                HAL_RCCEx_PeriphCLKConfig
 .text.HAL_TIM_Base_Init
                0x08014c5c       0xae obj/libstm32.a(stm32g4xx_hal_tim.o)
                0x08014c5c                HAL_TIM_Base_Init
 *fill*         0x08014d0a        0x2 
 .text.HAL_TIM_Base_Start_IT
                0x08014d0c       0xec obj/libstm32.a(stm32g4xx_hal_tim.o)
                0x08014d0c                HAL_TIM_Base_Start_IT
 .text.HAL_TIM_IRQHandler
                0x08014df8      0x2fe obj/libstm32.a(stm32g4xx_hal_tim.o)
                0x08014df8                HAL_TIM_IRQHandler
 *fill*         0x080150f6        0x2 
 .text.HAL_TIM_ConfigClockSource
                0x080150f8      0x224 obj/libstm32.a(stm32g4xx_hal_tim.o)
                0x080150f8                HAL_TIM_ConfigClockSource
 .text.HAL_TIM_PeriodElapsedCallback
                0x0801531c       0x12 obj/libstm32.a(stm32g4xx_hal_tim.o)
                0x0801531c                HAL_TIM_PeriodElapsedCallback
 .text.HAL_TIM_OC_DelayElapsedCallback
                0x0801532e       0x12 obj/libstm32.a(stm32g4xx_hal_tim.o)
                0x0801532e                HAL_TIM_OC_DelayElapsedCallback
 .text.HAL_TIM_IC_CaptureCallback
                0x08015340       0x12 obj/libstm32.a(stm32g4xx_hal_tim.o)
                0x08015340                HAL_TIM_IC_CaptureCallback
 .text.HAL_TIM_PWM_PulseFinishedCallback
                0x08015352       0x12 obj/libstm32.a(stm32g4xx_hal_tim.o)
                0x08015352                HAL_TIM_PWM_PulseFinishedCallback
 .text.HAL_TIM_TriggerCallback
                0x08015364       0x12 obj/libstm32.a(stm32g4xx_hal_tim.o)
                0x08015364                HAL_TIM_TriggerCallback
 *fill*         0x08015376        0x2 
 .text.TIM_Base_SetConfig
                0x08015378      0x14c obj/libstm32.a(stm32g4xx_hal_tim.o)
                0x08015378                TIM_Base_SetConfig
 .text.TIM_TI1_ConfigInputStage
                0x080154c4       0x5c obj/libstm32.a(stm32g4xx_hal_tim.o)
 .text.TIM_TI2_ConfigInputStage
                0x08015520       0x5e obj/libstm32.a(stm32g4xx_hal_tim.o)
 .text.TIM_ITRx_SetConfig
                0x0801557e       0x38 obj/libstm32.a(stm32g4xx_hal_tim.o)
 .text.TIM_ETR_SetConfig
                0x080155b6       0x3e obj/libstm32.a(stm32g4xx_hal_tim.o)
                0x080155b6                TIM_ETR_SetConfig
 .text.HAL_TIMEx_MasterConfigSynchronization
                0x080155f4      0x128 obj/libstm32.a(stm32g4xx_hal_tim_ex.o)
                0x080155f4                HAL_TIMEx_MasterConfigSynchronization
 .text.HAL_TIMEx_CommutCallback
                0x0801571c       0x12 obj/libstm32.a(stm32g4xx_hal_tim_ex.o)
                0x0801571c                HAL_TIMEx_CommutCallback
 .text.HAL_TIMEx_BreakCallback
                0x0801572e       0x12 obj/libstm32.a(stm32g4xx_hal_tim_ex.o)
                0x0801572e                HAL_TIMEx_BreakCallback
 .text.HAL_TIMEx_Break2Callback
                0x08015740       0x12 obj/libstm32.a(stm32g4xx_hal_tim_ex.o)
                0x08015740                HAL_TIMEx_Break2Callback
 .text.HAL_TIMEx_EncoderIndexCallback
                0x08015752       0x12 obj/libstm32.a(stm32g4xx_hal_tim_ex.o)
                0x08015752                HAL_TIMEx_EncoderIndexCallback
 .text.HAL_TIMEx_DirectionChangeCallback
                0x08015764       0x12 obj/libstm32.a(stm32g4xx_hal_tim_ex.o)
                0x08015764                HAL_TIMEx_DirectionChangeCallback
 .text.HAL_TIMEx_IndexErrorCallback
                0x08015776       0x12 obj/libstm32.a(stm32g4xx_hal_tim_ex.o)
                0x08015776                HAL_TIMEx_IndexErrorCallback
 .text.HAL_TIMEx_TransitionErrorCallback
                0x08015788       0x12 obj/libstm32.a(stm32g4xx_hal_tim_ex.o)
                0x08015788                HAL_TIMEx_TransitionErrorCallback
 .text.HAL_UART_Init
                0x0801579a       0xa0 obj/libstm32.a(stm32g4xx_hal_uart.o)
                0x0801579a                HAL_UART_Init
 .text.HAL_UART_MspInit
                0x0801583a       0x12 obj/libstm32.a(stm32g4xx_hal_uart.o)
                0x0801583a                HAL_UART_MspInit
 .text.UART_SetConfig
                0x0801584c      0x5f8 obj/libstm32.a(stm32g4xx_hal_uart.o)
                0x0801584c                UART_SetConfig
 .text.UART_AdvFeatureConfig
                0x08015e44      0x142 obj/libstm32.a(stm32g4xx_hal_uart.o)
                0x08015e44                UART_AdvFeatureConfig
 .text.UART_CheckIdleState
                0x08015f86       0x96 obj/libstm32.a(stm32g4xx_hal_uart.o)
                0x08015f86                UART_CheckIdleState
 .text.UART_WaitOnFlagUntilTimeout
                0x0801601c      0x100 obj/libstm32.a(stm32g4xx_hal_uart.o)
                0x0801601c                UART_WaitOnFlagUntilTimeout
 .text.HAL_UARTEx_DisableFifoMode
                0x0801611c       0x70 obj/libstm32.a(stm32g4xx_hal_uart_ex.o)
                0x0801611c                HAL_UARTEx_DisableFifoMode
 .text.HAL_UARTEx_SetTxFifoThreshold
                0x0801618c       0x7c obj/libstm32.a(stm32g4xx_hal_uart_ex.o)
                0x0801618c                HAL_UARTEx_SetTxFifoThreshold
 .text.HAL_UARTEx_SetRxFifoThreshold
                0x08016208       0x7c obj/libstm32.a(stm32g4xx_hal_uart_ex.o)
                0x08016208                HAL_UARTEx_SetRxFifoThreshold
 .text.UARTEx_SetNbDataToProcess
                0x08016284       0x98 obj/libstm32.a(stm32g4xx_hal_uart_ex.o)
                0x0801631c                        . = ALIGN (0x4)
                0x0801631c                        _etext = .

.glue_7         0x0801631c        0x0
 .glue_7        0x0801631c        0x0 linker stubs

.glue_7t        0x0801631c        0x0
 .glue_7t       0x0801631c        0x0 linker stubs

.vfp11_veneer   0x0801631c        0x0
 .vfp11_veneer  0x0801631c        0x0 linker stubs

.v4_bx          0x0801631c        0x0
 .v4_bx         0x0801631c        0x0 linker stubs

.iplt           0x0801631c        0x0
 .iplt          0x0801631c        0x0 obj/vectors_app.o

.rodata         0x0801631c       0x40
                0x0801631c                        . = ALIGN (0x4)
 *(.rodata)
 *(.rodata*)
 .rodata.AHBPrescTable
                0x0801631c       0x10 obj/System.o
                0x0801631c                AHBPrescTable
 .rodata.APBPrescTable
                0x0801632c        0x8 obj/System.o
                0x0801632c                APBPrescTable
 .rodata.UARTPrescTable
                0x08016334       0x18 obj/libstm32.a(stm32g4xx_hal_uart.o)
                0x08016334                UARTPrescTable
 .rodata.numerator.1
                0x0801634c        0x8 obj/libstm32.a(stm32g4xx_hal_uart_ex.o)
 .rodata.denominator.0
                0x08016354        0x8 obj/libstm32.a(stm32g4xx_hal_uart_ex.o)
                0x0801635c                        . = ALIGN (0x4)
                0x08016364                        _sloaddata = LOADADDR (.data)

.ARM.exidx.text.__udivmoddi4
                0x0801635c        0x8
 .ARM.exidx.text.__udivmoddi4
                0x0801635c        0x8 /home/kali/Tools/arm-gnu-toolchain/bin/../lib/gcc/arm-none-eabi/14.3.1/thumb/v7e-m/nofp/libgcc.a(_udivmoddi4.o)

.rel.dyn        0x08016364        0x0
 .rel.iplt      0x08016364        0x0 obj/vectors_app.o

.data           0x20004000        0xc load address 0x08016364
                0x20004000                        . = ALIGN (0x4)
                0x20004000                        _sdata = .
 *(.data)
 *(.data*)
 .data.SystemCoreClock
                0x20004000        0x4 obj/System.o
                0x20004000                SystemCoreClock
 .data.uwTickPrio
                0x20004004        0x4 obj/libstm32.a(stm32g4xx_hal.o)
                0x20004004                uwTickPrio
 .data.uwTickFreq
                0x20004008        0x4 obj/libstm32.a(stm32g4xx_hal.o)
                0x20004008                uwTickFreq
                0x2000400c                        . = ALIGN (0x4)
                0x2000400c                        _edata = .

.igot.plt       0x2000400c        0x0 load address 0x08016370
 .igot.plt      0x2000400c        0x0 obj/vectors_app.o
                0x2000400c                        . = ALIGN (0x4)

.bss            0x2000400c      0x1ec load address 0x08016370
                0x2000400c                        _sbss = .
 *(.bss)
 *(.bss*)
 .bss.gScheduler
                0x2000400c       0x2c obj/main_app.o
 .bss.gADCHandle
                0x20004038       0x6c obj/ADCModule.o
 .bss.gDMA_ADC_Handle
                0x200040a4       0x60 obj/ADCModule.o
 .bss.gADCValues
                0x20004104       0x14 obj/ADCModule.o
 .bss.gTimer3Handle
                0x20004118       0x4c obj/TimerModule.o
 .bss.gUARTHandle
                0x20004164       0x90 obj/UARTModule.o
 .bss.uwTick    0x200041f4        0x4 obj/libstm32.a(stm32g4xx_hal.o)
                0x200041f4                uwTick
 *(COMMON)
                0x200041f8                        . = ALIGN (0x4)
                0x200041f8                        _ebss = .

.heap           0x200041f8        0x0 load address 0x08016370
                0x200041f8                        . = ALIGN (0x4)
                0x200041f8                        _start_of_heap = .
                0x200041f8                        . = (. + _size_of_heap)
                0x200041f8                        . = ALIGN (0x4)
                0x200041f8                        _end_of_heap = .

.stack          0x200041f8     0xfe08 load address 0x08016370
                0x20013000                        . = ((ORIGIN (RAM) + LENGTH (RAM)) - _size_of_stack)
 *fill*         0x200041f8     0xee08 
                0x20013000                        _sstack = .
                0x20014000                        . = (. + _size_of_stack)
 *fill*         0x20013000     0x1000 
                0x20014000                        _estack = .
                0x20014000                        _initial_stack_pointer = .

/DISCARD/
 libc.a(*)
 libm.a(*)
 libgcc.a(*)
OUTPUT(build/app.elf elf32-littlearm)
LOAD linker stubs
LOAD /home/kali/Tools/arm-gnu-toolchain/bin/../lib/gcc/arm-none-eabi/14.3.1/../../../../arm-none-eabi/lib/thumb/v7e-m/nofp/libc.a
LOAD /home/kali/Tools/arm-gnu-toolchain/bin/../lib/gcc/arm-none-eabi/14.3.1/../../../../arm-none-eabi/lib/thumb/v7e-m/nofp/libm.a
LOAD /home/kali/Tools/arm-gnu-toolchain/bin/../lib/gcc/arm-none-eabi/14.3.1/thumb/v7e-m/nofp/libgcc.a

.ARM.attributes
                0x00000000       0x2f
 .ARM.attributes
                0x00000000       0x21 obj/vectors_app.o
 .ARM.attributes
                0x00000021       0x21 obj/startup_app.o
 .ARM.attributes
                0x00000042       0x2e obj/main_app.o
 .ARM.attributes
                0x00000070       0x2e obj/System.o
 .ARM.attributes
                0x0000009e       0x2e obj/ADCModule.o
 .ARM.attributes
                0x000000cc       0x2e obj/ButtonModule.o
 .ARM.attributes
                0x000000fa       0x2e obj/DisplayModule.o
 .ARM.attributes
                0x00000128       0x2e obj/HAL.o
 .ARM.attributes
                0x00000156       0x2e obj/LEDModule.o
 .ARM.attributes
                0x00000184       0x2e obj/TimerModule.o
 .ARM.attributes
                0x000001b2       0x2e obj/UARTModule.o
 .ARM.attributes
                0x000001e0       0x2e obj/FaultHandler.o
 .ARM.attributes
                0x0000020e       0x2e obj/Scheduler.o
 .ARM.attributes
                0x0000023c       0x2e obj/SystemHandler.o
 .ARM.attributes
                0x0000026a       0x2e /home/kali/Tools/arm-gnu-toolchain/bin/../lib/gcc/arm-none-eabi/14.3.1/../../../../arm-none-eabi/lib/thumb/v7e-m/nofp/libc_nano.a(libc_a-memset.o)
 .ARM.attributes
                0x00000298       0x1e /home/kali/Tools/arm-gnu-toolchain/bin/../lib/gcc/arm-none-eabi/14.3.1/thumb/v7e-m/nofp/libgcc.a(_aeabi_uldivmod.o)
 .ARM.attributes
                0x000002b6       0x2e /home/kali/Tools/arm-gnu-toolchain/bin/../lib/gcc/arm-none-eabi/14.3.1/thumb/v7e-m/nofp/libgcc.a(_udivmoddi4.o)
 .ARM.attributes
                0x000002e4       0x1e /home/kali/Tools/arm-gnu-toolchain/bin/../lib/gcc/arm-none-eabi/14.3.1/thumb/v7e-m/nofp/libgcc.a(_dvmd_tls.o)
 .ARM.attributes
                0x00000302       0x2e obj/libstm32.a(stm32g4xx_hal_adc.o)
 .ARM.attributes
                0x00000330       0x2e obj/libstm32.a(stm32g4xx_hal_adc_ex.o)
 .ARM.attributes
                0x0000035e       0x2e obj/libstm32.a(stm32g4xx_hal.o)
 .ARM.attributes
                0x0000038c       0x2e obj/libstm32.a(stm32g4xx_hal_cortex.o)
 .ARM.attributes
                0x000003ba       0x2e obj/libstm32.a(stm32g4xx_hal_dma.o)
 .ARM.attributes
                0x000003e8       0x2e obj/libstm32.a(stm32g4xx_hal_gpio.o)
 .ARM.attributes
                0x00000416       0x2e obj/libstm32.a(stm32g4xx_hal_pwr_ex.o)
 .ARM.attributes
                0x00000444       0x2e obj/libstm32.a(stm32g4xx_hal_rcc.o)
 .ARM.attributes
                0x00000472       0x2e obj/libstm32.a(stm32g4xx_hal_rcc_ex.o)
 .ARM.attributes
                0x000004a0       0x2e obj/libstm32.a(stm32g4xx_hal_tim.o)
 .ARM.attributes
                0x000004ce       0x2e obj/libstm32.a(stm32g4xx_hal_tim_ex.o)
 .ARM.attributes
                0x000004fc       0x2e obj/libstm32.a(stm32g4xx_hal_uart.o)
 .ARM.attributes
                0x0000052a       0x2e obj/libstm32.a(stm32g4xx_hal_uart_ex.o)

.comment        0x00000000       0x46
 .comment       0x00000000       0x46 obj/main_app.o
                                 0x47 (size before relaxing)
 .comment       0x00000046       0x47 obj/System.o
 .comment       0x00000046       0x47 obj/ADCModule.o
 .comment       0x00000046       0x47 obj/ButtonModule.o
 .comment       0x00000046       0x47 obj/DisplayModule.o
 .comment       0x00000046       0x47 obj/HAL.o
 .comment       0x00000046       0x47 obj/LEDModule.o
 .comment       0x00000046       0x47 obj/TimerModule.o
 .comment       0x00000046       0x47 obj/UARTModule.o
 .comment       0x00000046       0x47 obj/FaultHandler.o
 .comment       0x00000046       0x47 obj/Scheduler.o
 .comment       0x00000046       0x47 obj/SystemHandler.o
 .comment       0x00000046       0x47 obj/libstm32.a(stm32g4xx_hal_adc.o)
 .comment       0x00000046       0x47 obj/libstm32.a(stm32g4xx_hal_adc_ex.o)
 .comment       0x00000046       0x47 obj/libstm32.a(stm32g4xx_hal.o)
 .comment       0x00000046       0x47 obj/libstm32.a(stm32g4xx_hal_cortex.o)
 .comment       0x00000046       0x47 obj/libstm32.a(stm32g4xx_hal_dma.o)
 .comment       0x00000046       0x47 obj/libstm32.a(stm32g4xx_hal_gpio.o)
 .comment       0x00000046       0x47 obj/libstm32.a(stm32g4xx_hal_pwr_ex.o)
 .comment       0x00000046       0x47 obj/libstm32.a(stm32g4xx_hal_rcc.o)
 .comment       0x00000046       0x47 obj/libstm32.a(stm32g4xx_hal_rcc_ex.o)
 .comment       0x00000046       0x47 obj/libstm32.a(stm32g4xx_hal_tim.o)
 .comment       0x00000046       0x47 obj/libstm32.a(stm32g4xx_hal_tim_ex.o)
 .comment       0x00000046       0x47 obj/libstm32.a(stm32g4xx_hal_uart.o)
 .comment       0x00000046       0x47 obj/libstm32.a(stm32g4xx_hal_uart_ex.o)

.debug_line     0x00000000     0xf769
 .debug_line    0x00000000       0x3e obj/vectors_app.o
 .debug_line    0x0000003e       0x75 obj/startup_app.o
 .debug_line    0x000000b3      0x2a6 obj/main_app.o
 .debug_line    0x00000359      0x281 obj/System.o
 .debug_line    0x000005da      0x426 obj/ADCModule.o
 .debug_line    0x00000a00      0x1c8 obj/ButtonModule.o
 .debug_line    0x00000bc8      0x203 obj/DisplayModule.o
 .debug_line    0x00000dcb      0x133 obj/HAL.o
 .debug_line    0x00000efe      0x1ca obj/LEDModule.o
 .debug_line    0x000010c8      0x211 obj/TimerModule.o
 .debug_line    0x000012d9      0x289 obj/UARTModule.o
 .debug_line    0x00001562       0x89 obj/FaultHandler.o
 .debug_line    0x000015eb      0x10f obj/Scheduler.o
 .debug_line    0x000016fa       0xb8 obj/SystemHandler.o
 .debug_line    0x000017b2     0x1bff obj/libstm32.a(stm32g4xx_hal_adc.o)
 .debug_line    0x000033b1     0x159d obj/libstm32.a(stm32g4xx_hal_adc_ex.o)
 .debug_line    0x0000494e      0x586 obj/libstm32.a(stm32g4xx_hal.o)
 .debug_line    0x00004ed4      0x6d8 obj/libstm32.a(stm32g4xx_hal_cortex.o)
 .debug_line    0x000055ac      0x896 obj/libstm32.a(stm32g4xx_hal_dma.o)
 .debug_line    0x00005e42      0x56b obj/libstm32.a(stm32g4xx_hal_gpio.o)
 .debug_line    0x000063ad      0x731 obj/libstm32.a(stm32g4xx_hal_pwr_ex.o)
 .debug_line    0x00006ade      0xa40 obj/libstm32.a(stm32g4xx_hal_rcc.o)
 .debug_line    0x0000751e      0xce5 obj/libstm32.a(stm32g4xx_hal_rcc_ex.o)
 .debug_line    0x00008203     0x3912 obj/libstm32.a(stm32g4xx_hal_tim.o)
 .debug_line    0x0000bb15     0x1a78 obj/libstm32.a(stm32g4xx_hal_tim_ex.o)
 .debug_line    0x0000d58d     0x1b88 obj/libstm32.a(stm32g4xx_hal_uart.o)
 .debug_line    0x0000f115      0x654 obj/libstm32.a(stm32g4xx_hal_uart_ex.o)

.debug_info     0x00000000    0x15290
 .debug_info    0x00000000      0x639 obj/vectors_app.o
 .debug_info    0x00000639       0x35 obj/startup_app.o
 .debug_info    0x0000066e      0x7d2 obj/main_app.o
 .debug_info    0x00000e40      0x585 obj/System.o
 .debug_info    0x000013c5     0x1408 obj/ADCModule.o
 .debug_info    0x000027cd      0x534 obj/ButtonModule.o
 .debug_info    0x00002d01      0x5bb obj/DisplayModule.o
 .debug_info    0x000032bc      0x2d6 obj/HAL.o
 .debug_info    0x00003592      0x562 obj/LEDModule.o
 .debug_info    0x00003af4      0xeaf obj/TimerModule.o
 .debug_info    0x000049a3      0xe42 obj/UARTModule.o
 .debug_info    0x000057e5       0x67 obj/FaultHandler.o
 .debug_info    0x0000584c      0x1b6 obj/Scheduler.o
 .debug_info    0x00005a02       0xcf obj/SystemHandler.o
 .debug_info    0x00005ad1     0x2021 obj/libstm32.a(stm32g4xx_hal_adc.o)
 .debug_info    0x00007af2     0x1d63 obj/libstm32.a(stm32g4xx_hal_adc_ex.o)
 .debug_info    0x00009855      0xb51 obj/libstm32.a(stm32g4xx_hal.o)
 .debug_info    0x0000a3a6      0xda9 obj/libstm32.a(stm32g4xx_hal_cortex.o)
 .debug_info    0x0000b14f      0x85b obj/libstm32.a(stm32g4xx_hal_dma.o)
 .debug_info    0x0000b9aa      0x75f obj/libstm32.a(stm32g4xx_hal_gpio.o)
 .debug_info    0x0000c109      0x93b obj/libstm32.a(stm32g4xx_hal_pwr_ex.o)
 .debug_info    0x0000ca44      0xbe0 obj/libstm32.a(stm32g4xx_hal_rcc.o)
 .debug_info    0x0000d624      0xc41 obj/libstm32.a(stm32g4xx_hal_rcc_ex.o)
 .debug_info    0x0000e265     0x2a82 obj/libstm32.a(stm32g4xx_hal_tim.o)
 .debug_info    0x00010ce7     0x1cb5 obj/libstm32.a(stm32g4xx_hal_tim_ex.o)
 .debug_info    0x0001299c     0x1b7d obj/libstm32.a(stm32g4xx_hal_uart.o)
 .debug_info    0x00014519      0xd77 obj/libstm32.a(stm32g4xx_hal_uart_ex.o)

.debug_abbrev   0x00000000     0x320a
 .debug_abbrev  0x00000000       0x21 obj/vectors_app.o
 .debug_abbrev  0x00000021       0x21 obj/startup_app.o
 .debug_abbrev  0x00000042      0x222 obj/main_app.o
 .debug_abbrev  0x00000264      0x1d1 obj/System.o
 .debug_abbrev  0x00000435      0x28f obj/ADCModule.o
 .debug_abbrev  0x000006c4      0x1ac obj/ButtonModule.o
 .debug_abbrev  0x00000870      0x1c2 obj/DisplayModule.o
 .debug_abbrev  0x00000a32       0xd7 obj/HAL.o
 .debug_abbrev  0x00000b09      0x1a9 obj/LEDModule.o
 .debug_abbrev  0x00000cb2      0x1fd obj/TimerModule.o
 .debug_abbrev  0x00000eaf      0x1e4 obj/UARTModule.o
 .debug_abbrev  0x00001093       0x2f obj/FaultHandler.o
 .debug_abbrev  0x000010c2       0xc0 obj/Scheduler.o
 .debug_abbrev  0x00001182       0x71 obj/SystemHandler.o
 .debug_abbrev  0x000011f3      0x2c8 obj/libstm32.a(stm32g4xx_hal_adc.o)
 .debug_abbrev  0x000014bb      0x2ec obj/libstm32.a(stm32g4xx_hal_adc_ex.o)
 .debug_abbrev  0x000017a7      0x240 obj/libstm32.a(stm32g4xx_hal.o)
 .debug_abbrev  0x000019e7      0x31a obj/libstm32.a(stm32g4xx_hal_cortex.o)
 .debug_abbrev  0x00001d01      0x1e0 obj/libstm32.a(stm32g4xx_hal_dma.o)
 .debug_abbrev  0x00001ee1      0x1c9 obj/libstm32.a(stm32g4xx_hal_gpio.o)
 .debug_abbrev  0x000020aa      0x22a obj/libstm32.a(stm32g4xx_hal_pwr_ex.o)
 .debug_abbrev  0x000022d4      0x2c7 obj/libstm32.a(stm32g4xx_hal_rcc.o)
 .debug_abbrev  0x0000259b      0x256 obj/libstm32.a(stm32g4xx_hal_rcc_ex.o)
 .debug_abbrev  0x000027f1      0x29e obj/libstm32.a(stm32g4xx_hal_tim.o)
 .debug_abbrev  0x00002a8f      0x2be obj/libstm32.a(stm32g4xx_hal_tim_ex.o)
 .debug_abbrev  0x00002d4d      0x289 obj/libstm32.a(stm32g4xx_hal_uart.o)
 .debug_abbrev  0x00002fd6      0x234 obj/libstm32.a(stm32g4xx_hal_uart_ex.o)

.debug_aranges  0x00000000     0x1560
 .debug_aranges
                0x00000000       0x20 obj/vectors_app.o
 .debug_aranges
                0x00000020       0x20 obj/startup_app.o
 .debug_aranges
                0x00000040       0x30 obj/main_app.o
 .debug_aranges
                0x00000070       0x38 obj/System.o
 .debug_aranges
                0x000000a8       0x50 obj/ADCModule.o
 .debug_aranges
                0x000000f8       0x28 obj/ButtonModule.o
 .debug_aranges
                0x00000120       0x28 obj/DisplayModule.o
 .debug_aranges
                0x00000148       0x20 obj/HAL.o
 .debug_aranges
                0x00000168       0x30 obj/LEDModule.o
 .debug_aranges
                0x00000198       0x30 obj/TimerModule.o
 .debug_aranges
                0x000001c8       0x30 obj/UARTModule.o
 .debug_aranges
                0x000001f8       0x38 obj/FaultHandler.o
 .debug_aranges
                0x00000230       0x28 obj/Scheduler.o
 .debug_aranges
                0x00000258       0x40 obj/SystemHandler.o
 .debug_aranges
                0x00000298      0x248 obj/libstm32.a(stm32g4xx_hal_adc.o)
 .debug_aranges
                0x000004e0      0x1c0 obj/libstm32.a(stm32g4xx_hal_adc_ex.o)
 .debug_aranges
                0x000006a0      0x130 obj/libstm32.a(stm32g4xx_hal.o)
 .debug_aranges
                0x000007d0      0x118 obj/libstm32.a(stm32g4xx_hal_cortex.o)
 .debug_aranges
                0x000008e8       0x90 obj/libstm32.a(stm32g4xx_hal_dma.o)
 .debug_aranges
                0x00000978       0x58 obj/libstm32.a(stm32g4xx_hal_gpio.o)
 .debug_aranges
                0x000009d0      0x140 obj/libstm32.a(stm32g4xx_hal_pwr_ex.o)
 .debug_aranges
                0x00000b10       0x98 obj/libstm32.a(stm32g4xx_hal_rcc.o)
 .debug_aranges
                0x00000ba8       0xb0 obj/libstm32.a(stm32g4xx_hal_rcc_ex.o)
 .debug_aranges
                0x00000c58      0x3e0 obj/libstm32.a(stm32g4xx_hal_tim.o)
 .debug_aranges
                0x00001038      0x240 obj/libstm32.a(stm32g4xx_hal_tim_ex.o)
 .debug_aranges
                0x00001278      0x248 obj/libstm32.a(stm32g4xx_hal_uart.o)
 .debug_aranges
                0x000014c0       0xa0 obj/libstm32.a(stm32g4xx_hal_uart_ex.o)

.debug_str      0x00000000     0x70e3
 .debug_str     0x00000000     0x70e3 obj/vectors_app.o
                                0x8d1 (size before relaxing)
 .debug_str     0x000070e3       0x47 obj/startup_app.o
 .debug_str     0x000070e3      0x5a1 obj/main_app.o
 .debug_str     0x000070e3      0x4eb obj/System.o
 .debug_str     0x000070e3     0x13d5 obj/ADCModule.o
 .debug_str     0x000070e3      0x443 obj/ButtonModule.o
 .debug_str     0x000070e3      0x474 obj/DisplayModule.o
 .debug_str     0x000070e3      0x2db obj/HAL.o
 .debug_str     0x000070e3      0x423 obj/LEDModule.o
 .debug_str     0x000070e3     0x10e4 obj/TimerModule.o
 .debug_str     0x000070e3      0xba0 obj/UARTModule.o
 .debug_str     0x000070e3      0x101 obj/FaultHandler.o
 .debug_str     0x000070e3      0x23f obj/Scheduler.o
 .debug_str     0x000070e3      0x19e obj/SystemHandler.o
 .debug_str     0x000070e3     0x12ac obj/libstm32.a(stm32g4xx_hal_adc.o)
 .debug_str     0x000070e3     0x128c obj/libstm32.a(stm32g4xx_hal_adc_ex.o)
 .debug_str     0x000070e3      0xdbf obj/libstm32.a(stm32g4xx_hal.o)
 .debug_str     0x000070e3      0xd04 obj/libstm32.a(stm32g4xx_hal_cortex.o)
 .debug_str     0x000070e3      0x748 obj/libstm32.a(stm32g4xx_hal_dma.o)
 .debug_str     0x000070e3      0x4e7 obj/libstm32.a(stm32g4xx_hal_gpio.o)
 .debug_str     0x000070e3      0x789 obj/libstm32.a(stm32g4xx_hal_pwr_ex.o)
 .debug_str     0x000070e3      0x7ea obj/libstm32.a(stm32g4xx_hal_rcc.o)
 .debug_str     0x000070e3      0xa0c obj/libstm32.a(stm32g4xx_hal_rcc_ex.o)
 .debug_str     0x000070e3     0x1835 obj/libstm32.a(stm32g4xx_hal_tim.o)
 .debug_str     0x000070e3     0x14bf obj/libstm32.a(stm32g4xx_hal_tim_ex.o)
 .debug_str     0x000070e3     0x1174 obj/libstm32.a(stm32g4xx_hal_uart.o)
 .debug_str     0x000070e3      0xa9f obj/libstm32.a(stm32g4xx_hal_uart_ex.o)

.debug_rnglists
                0x00000000     0x1051
 .debug_rnglists
                0x00000000       0x1f obj/main_app.o
 .debug_rnglists
                0x0000001f       0x27 obj/System.o
 .debug_rnglists
                0x00000046       0x39 obj/ADCModule.o
 .debug_rnglists
                0x0000007f       0x1b obj/ButtonModule.o
 .debug_rnglists
                0x0000009a       0x1b obj/DisplayModule.o
 .debug_rnglists
                0x000000b5       0x13 obj/HAL.o
 .debug_rnglists
                0x000000c8       0x21 obj/LEDModule.o
 .debug_rnglists
                0x000000e9       0x20 obj/TimerModule.o
 .debug_rnglists
                0x00000109       0x20 obj/UARTModule.o
 .debug_rnglists
                0x00000129       0x25 obj/FaultHandler.o
 .debug_rnglists
                0x0000014e       0x19 obj/Scheduler.o
 .debug_rnglists
                0x00000167       0x2b obj/SystemHandler.o
 .debug_rnglists
                0x00000192      0x1c0 obj/libstm32.a(stm32g4xx_hal_adc.o)
 .debug_rnglists
                0x00000352      0x15a obj/libstm32.a(stm32g4xx_hal_adc_ex.o)
 .debug_rnglists
                0x000004ac       0xdf obj/libstm32.a(stm32g4xx_hal.o)
 .debug_rnglists
                0x0000058b       0xce obj/libstm32.a(stm32g4xx_hal_cortex.o)
 .debug_rnglists
                0x00000659       0x71 obj/libstm32.a(stm32g4xx_hal_dma.o)
 .debug_rnglists
                0x000006ca       0x3f obj/libstm32.a(stm32g4xx_hal_gpio.o)
 .debug_rnglists
                0x00000709       0xf1 obj/libstm32.a(stm32g4xx_hal_pwr_ex.o)
 .debug_rnglists
                0x000007fa       0x73 obj/libstm32.a(stm32g4xx_hal_rcc.o)
 .debug_rnglists
                0x0000086d       0x87 obj/libstm32.a(stm32g4xx_hal_rcc_ex.o)
 .debug_rnglists
                0x000008f4      0x328 obj/libstm32.a(stm32g4xx_hal_tim.o)
 .debug_rnglists
                0x00000c1c      0x1cb obj/libstm32.a(stm32g4xx_hal_tim_ex.o)
 .debug_rnglists
                0x00000de7      0x1f1 obj/libstm32.a(stm32g4xx_hal_uart.o)
 .debug_rnglists
                0x00000fd8       0x79 obj/libstm32.a(stm32g4xx_hal_uart_ex.o)

.debug_frame    0x00000000     0x599c
 .debug_frame   0x00000000       0x70 obj/main_app.o
 .debug_frame   0x00000070       0x94 obj/System.o
 .debug_frame   0x00000104      0x104 obj/ADCModule.o
 .debug_frame   0x00000208       0x58 obj/ButtonModule.o
 .debug_frame   0x00000260       0x58 obj/DisplayModule.o
 .debug_frame   0x000002b8       0x34 obj/HAL.o
 .debug_frame   0x000002ec       0x7c obj/LEDModule.o
 .debug_frame   0x00000368       0x74 obj/TimerModule.o
 .debug_frame   0x000003dc       0x80 obj/UARTModule.o
 .debug_frame   0x0000045c       0x70 obj/FaultHandler.o
 .debug_frame   0x000004cc       0x60 obj/Scheduler.o
 .debug_frame   0x0000052c       0xac obj/SystemHandler.o
 .debug_frame   0x000005d8       0x20 /home/kali/Tools/arm-gnu-toolchain/bin/../lib/gcc/arm-none-eabi/14.3.1/../../../../arm-none-eabi/lib/thumb/v7e-m/nofp/libc_nano.a(libc_a-memset.o)
 .debug_frame   0x000005f8       0x2c /home/kali/Tools/arm-gnu-toolchain/bin/../lib/gcc/arm-none-eabi/14.3.1/thumb/v7e-m/nofp/libgcc.a(_aeabi_uldivmod.o)
 .debug_frame   0x00000624       0x34 /home/kali/Tools/arm-gnu-toolchain/bin/../lib/gcc/arm-none-eabi/14.3.1/thumb/v7e-m/nofp/libgcc.a(_udivmoddi4.o)
 .debug_frame   0x00000658      0xacc obj/libstm32.a(stm32g4xx_hal_adc.o)
 .debug_frame   0x00001124      0x81c obj/libstm32.a(stm32g4xx_hal_adc_ex.o)
 .debug_frame   0x00001940      0x4a0 obj/libstm32.a(stm32g4xx_hal.o)
 .debug_frame   0x00001de0      0x498 obj/libstm32.a(stm32g4xx_hal_cortex.o)
 .debug_frame   0x00002278      0x24c obj/libstm32.a(stm32g4xx_hal_dma.o)
 .debug_frame   0x000024c4      0x14c obj/libstm32.a(stm32g4xx_hal_gpio.o)
 .debug_frame   0x00002610      0x4fc obj/libstm32.a(stm32g4xx_hal_pwr_ex.o)
 .debug_frame   0x00002b0c      0x23c obj/libstm32.a(stm32g4xx_hal_rcc.o)
 .debug_frame   0x00002d48      0x2ac obj/libstm32.a(stm32g4xx_hal_rcc_ex.o)
 .debug_frame   0x00002ff4     0x1220 obj/libstm32.a(stm32g4xx_hal_tim.o)
 .debug_frame   0x00004214      0xa68 obj/libstm32.a(stm32g4xx_hal_tim_ex.o)
 .debug_frame   0x00004c7c      0xa84 obj/libstm32.a(stm32g4xx_hal_uart.o)
 .debug_frame   0x00005700      0x29c obj/libstm32.a(stm32g4xx_hal_uart_ex.o)

.debug_line_str
                0x00000000       0xcb
 .debug_line_str
                0x00000000       0xcb /home/kali/Tools/arm-gnu-toolchain/bin/../lib/gcc/arm-none-eabi/14.3.1/thumb/v7e-m/nofp/libgcc.a(_aeabi_uldivmod.o)
                                 0xbf (size before relaxing)
 .debug_line_str
                0x000000cb       0xc3 /home/kali/Tools/arm-gnu-toolchain/bin/../lib/gcc/arm-none-eabi/14.3.1/thumb/v7e-m/nofp/libgcc.a(_dvmd_tls.o)
